[2026-07-14T11:36:49.442Z] [STDOUT] ◇ injected env (0) from .env // tip: ⌘ multiple files { path: ['.env.local', '.env'] }
[2026-07-14T11:36:49.452Z] [STDOUT] .F------------------------------{"event":"scenario::end","data":{"featureName":"Todo application happy path","scenarioName":"Manage and persist todos","scenarioTags":["@appraise_validation_todo-happy-path","@ts_ast-192ef4b604c8-suite","@tc_ast-192ef4b604c8-manage-todos"],"status":"failed","tracePath":"reports/traces/60638af2-f2c1-4d46-9888-b019b36a9a0a.zip"}}
[2026-07-14T11:36:49.462Z] [STDOUT] {"event":"scenario::end","data":{"featureName":"Todo application happy path","scenarioName":"Manage and persist todos","scenarioTags":["@appraise_validation_todo-happy-path","@ts_ast-192ef4b604c8-suite","@tc_ast-192ef4b604c8-manage-todos"],"status":"failed","tracePath":"reports/traces/60638af2-f2c1-4d46-9888-b019b36a9a0a.zip"}}
[2026-07-14T11:36:49.472Z] [STDOUT] .
[2026-07-14T11:36:49.482Z] [STDOUT] Failures:
[2026-07-14T11:36:49.492Z] [STDOUT] 1) Scenario: Manage and persist todos # features/todo-happy-path.feature:4
[2026-07-14T11:36:49.502Z] [STDOUT]    ✔ Before # ../../../../../../packages/cucumber-runtime/dist/hooks.js:27
[2026-07-14T11:36:49.512Z] [STDOUT]    ✖ Given the todo application is open # bindings/todo-happy-path.mjs:69
[2026-07-14T11:36:49.522Z] [STDOUT]        Attachment (application/vnd.appraisejs.report-step-screenshot+json)
[2026-07-14T11:36:49.532Z] [STDOUT]        page.goto: net::ERR_CONNECTION_REFUSED at http://127.0.0.1:4173/
[2026-07-14T11:36:49.542Z] [STDOUT]        Call log:
[2026-07-14T11:36:49.552Z] [STDOUT]        [2m  - navigating to "http://127.0.0.1:4173/", waiting until "load"[22m
[2026-07-14T11:36:49.562Z] [STDOUT]            at dispatch (/Users/jamil/Personal Projects/appraisejs/.appraise/projects/b9221496-1d8b-4920-bc59-6e144418f6f0/runtime/5dc69a589a325941bb9f1268c1a66eeac41d53fa9c4750369b2d70a22c00775f/daee6100-64d3-406d-8f2b-a2173a259f16/bindings/todo-happy-path.mjs:21:24)
[2026-07-14T11:36:49.572Z] [STDOUT]            at CustomWorld.<anonymous> (/Users/jamil/Personal Projects/appraisejs/.appraise/projects/b9221496-1d8b-4920-bc59-6e144418f6f0/runtime/5dc69a589a325941bb9f1268c1a66eeac41d53fa9c4750369b2d70a22c00775f/daee6100-64d3-406d-8f2b-a2173a259f16/bindings/todo-happy-path.mjs:69:83)
[2026-07-14T11:36:49.582Z] [STDOUT]    - Then the todo input is accessible # bindings/todo-happy-path.mjs:69
[2026-07-14T11:36:49.592Z] [STDOUT]    - When the user enters the first todo # bindings/todo-happy-path.mjs:69
[2026-07-14T11:36:49.602Z] [STDOUT]    - And the user adds the first todo # bindings/todo-happy-path.mjs:69
[2026-07-14T11:36:49.612Z] [STDOUT]    - And the user enters the second todo # bindings/todo-happy-path.mjs:69
[2026-07-14T11:36:49.622Z] [STDOUT]    - And the user adds the second todo # bindings/todo-happy-path.mjs:69
[2026-07-14T11:36:49.632Z] [STDOUT]    - Then both todos are visible # bindings/todo-happy-path.mjs:69
[2026-07-14T11:36:49.642Z] [STDOUT]    - When the user starts editing the first todo # bindings/todo-happy-path.mjs:69
[2026-07-14T11:36:49.652Z] [STDOUT]    - And the user changes the first todo text # bindings/todo-happy-path.mjs:69
[2026-07-14T11:36:49.662Z] [STDOUT]    - And the user saves the edited todo # bindings/todo-happy-path.mjs:69
[2026-07-14T11:36:49.672Z] [STDOUT]    - Then the edited text is visible # bindings/todo-happy-path.mjs:69
[2026-07-14T11:36:49.682Z] [STDOUT]    - When the user completes the first todo # bindings/todo-happy-path.mjs:69
[2026-07-14T11:36:49.692Z] [STDOUT]    - Then the first todo is complete # bindings/todo-happy-path.mjs:69
[2026-07-14T11:36:49.702Z] [STDOUT]    - When the user reloads the application # bindings/todo-happy-path.mjs:69
[2026-07-14T11:36:49.712Z] [STDOUT]    - Then the completed todo persists after reload # bindings/todo-happy-path.mjs:69
[2026-07-14T11:36:49.722Z] [STDOUT]    - And the persisted completion state remains checked # bindings/todo-happy-path.mjs:69
[2026-07-14T11:36:49.732Z] [STDOUT]    - When the user selects the completed filter # bindings/todo-happy-path.mjs:69
[2026-07-14T11:36:49.742Z] [STDOUT]    - Then the completed todo is visible # bindings/todo-happy-path.mjs:69
[2026-07-14T11:36:49.752Z] [STDOUT]    - And only one completed todo is visible # bindings/todo-happy-path.mjs:69
[2026-07-14T11:36:49.762Z] [STDOUT]    - When the user selects the active filter # bindings/todo-happy-path.mjs:69
[2026-07-14T11:36:49.772Z] [STDOUT]    - Then the active todo is visible # bindings/todo-happy-path.mjs:69
[2026-07-14T11:36:49.782Z] [STDOUT]    - And only one active todo is visible # bindings/todo-happy-path.mjs:69
[2026-07-14T11:36:49.792Z] [STDOUT]    - When the user selects the all filter # bindings/todo-happy-path.mjs:69
[2026-07-14T11:36:49.802Z] [STDOUT]    - And the user marks the first todo incomplete # bindings/todo-happy-path.mjs:69
[2026-07-14T11:36:49.812Z] [STDOUT]    - Then the first todo is active again # bindings/todo-happy-path.mjs:69
[2026-07-14T11:36:49.822Z] [STDOUT]    - When the user deletes the first todo # bindings/todo-happy-path.mjs:69
[2026-07-14T11:36:49.832Z] [STDOUT]    - Then the second todo remains # bindings/todo-happy-path.mjs:69
[2026-07-14T11:36:49.842Z] [STDOUT]    - And the deleted todo is absent # bindings/todo-happy-path.mjs:69
[2026-07-14T11:36:49.852Z] [STDOUT]    - When the viewport changes to a narrow mobile size # bindings/todo-happy-path.mjs:69
[2026-07-14T11:36:49.862Z] [STDOUT]    - Then the page has no horizontal overflow # bindings/todo-happy-path.mjs:69
[2026-07-14T11:36:49.872Z] [STDOUT]    - And the delete control remains accessible # bindings/todo-happy-path.mjs:69
[2026-07-14T11:36:49.882Z] [STDOUT]    ✔ After # ../../../../../../packages/cucumber-runtime/dist/hooks.js:62
[2026-07-14T11:36:49.892Z] [STDOUT] 1 scenario (1 failed)
[2026-07-14T11:36:49.902Z] [STDOUT] 31 steps (1 failed, 30 skipped)
[2026-07-14T11:36:49.912Z] [STDOUT] 0m00.621s (executing steps: 0m00.245s)
[2026-07-14T11:36:49.922Z] [STDERR] This Node.js version (v26.5.0) has not been tested with this version of Cucumber; it should work normally, but please raise an issue if you see anything unexpected.
[2026-07-14T11:36:50.522Z] [STATUS] Process exited with code 1