[2026-07-15T18:44:06.696Z] [STDOUT] ◇ injected env (0) from .env // tip: ◈ encrypted .env [www.dotenvx.com]
[2026-07-15T18:44:06.706Z] [STDOUT] .F-----------------------------------------------{"event":"scenario::end","data":{"featureName":"Complete todo happy path","scenarioName":"Manage todos through the complete happy path","scenarioTags":["@appraise_validation_todo-happy-path","@ts_ast-e583afdc77e1-suite","@tc_ast-e583afdc77e1-complete-todo-workflow"],"status":"failed","tracePath":"reports/traces/c6bfce80-37d8-4d54-b48a-f40c833385e7.zip"}}
[2026-07-15T18:44:06.716Z] [STDOUT] {"event":"scenario::end","data":{"featureName":"Complete todo happy path","scenarioName":"Manage todos through the complete happy path","scenarioTags":["@appraise_validation_todo-happy-path","@ts_ast-e583afdc77e1-suite","@tc_ast-e583afdc77e1-complete-todo-workflow"],"status":"failed","tracePath":"reports/traces/c6bfce80-37d8-4d54-b48a-f40c833385e7.zip"}}
[2026-07-15T18:44:06.726Z] [STDOUT] .
[2026-07-15T18:44:06.736Z] [STDOUT] Failures:
[2026-07-15T18:44:06.746Z] [STDOUT] 1) Scenario: Manage todos through the complete happy path # features/todo-happy-path.feature:4
[2026-07-15T18:44:06.756Z] [STDOUT]    ✔ Before # ../../../../../../packages/cucumber-runtime/dist/hooks.js:27
[2026-07-15T18:44:06.766Z] [STDOUT]    ✖ Given Open the todo application # bindings/todo-happy-path.mjs:69
[2026-07-15T18:44:06.776Z] [STDOUT]        Attachment (application/vnd.appraisejs.report-step-screenshot+json)
[2026-07-15T18:44:06.786Z] [STDOUT]        page.goto: net::ERR_CONNECTION_REFUSED at http://127.0.0.1:4173/
[2026-07-15T18:44:06.796Z] [STDOUT]        Call log:
[2026-07-15T18:44:06.806Z] [STDOUT]        [2m  - navigating to "http://127.0.0.1:4173/", waiting until "load"[22m
[2026-07-15T18:44:06.816Z] [STDOUT]            at dispatch (/Users/jamil/Personal Projects/appraisejs/.appraise/projects/096391f7-cef1-40a6-be92-3190bb39cb13/runtime/a54e6ba39c0e6f41842e193bd49a40c79d48bd3e160b3b4634c3008074a5c4cb/96832ab6-7c04-48fc-ac6c-bca50b2dd7f9/bindings/todo-happy-path.mjs:21:24)
[2026-07-15T18:44:06.826Z] [STDOUT]            at CustomWorld.<anonymous> (/Users/jamil/Personal Projects/appraisejs/.appraise/projects/096391f7-cef1-40a6-be92-3190bb39cb13/runtime/a54e6ba39c0e6f41842e193bd49a40c79d48bd3e160b3b4634c3008074a5c4cb/96832ab6-7c04-48fc-ac6c-bca50b2dd7f9/bindings/todo-happy-path.mjs:69:83)
[2026-07-15T18:44:06.836Z] [STDOUT]    - Then The global empty state is visible # bindings/todo-happy-path.mjs:69
[2026-07-15T18:44:06.846Z] [STDOUT]    - Then The todo input exposes accessible semantics # bindings/todo-happy-path.mjs:69
[2026-07-15T18:44:06.856Z] [STDOUT]    - Then The add control exposes accessible semantics # bindings/todo-happy-path.mjs:69
[2026-07-15T18:44:06.866Z] [STDOUT]    - When Focus the todo input # bindings/todo-happy-path.mjs:69
[2026-07-15T18:44:06.876Z] [STDOUT]    - And Enter the first todo text # bindings/todo-happy-path.mjs:69
[2026-07-15T18:44:06.886Z] [STDOUT]    - And Submit the todo with Enter # bindings/todo-happy-path.mjs:69
[2026-07-15T18:44:06.896Z] [STDOUT]    - Then The first todo appears # bindings/todo-happy-path.mjs:69
[2026-07-15T18:44:06.906Z] [STDOUT]    - And One active item is counted # bindings/todo-happy-path.mjs:69
[2026-07-15T18:44:06.916Z] [STDOUT]    - When Open editing for the first todo # bindings/todo-happy-path.mjs:69
[2026-07-15T18:44:06.926Z] [STDOUT]    - And Replace the edit value for cancellation # bindings/todo-happy-path.mjs:69
[2026-07-15T18:44:06.936Z] [STDOUT]    - And Cancel editing with Escape # bindings/todo-happy-path.mjs:69
[2026-07-15T18:44:06.946Z] [STDOUT]    - Then The original value remains after cancellation # bindings/todo-happy-path.mjs:69
[2026-07-15T18:44:06.956Z] [STDOUT]    - When Open editing again # bindings/todo-happy-path.mjs:69
[2026-07-15T18:44:06.966Z] [STDOUT]    - And Enter a durable edited value # bindings/todo-happy-path.mjs:69
[2026-07-15T18:44:06.976Z] [STDOUT]    - And Save editing with Enter # bindings/todo-happy-path.mjs:69
[2026-07-15T18:44:06.986Z] [STDOUT]    - Then The edited value is shown # bindings/todo-happy-path.mjs:69
[2026-07-15T18:44:06.996Z] [STDOUT]    - When Complete the first todo # bindings/todo-happy-path.mjs:69
[2026-07-15T18:44:07.006Z] [STDOUT]    - Then The completion control is checked # bindings/todo-happy-path.mjs:69
[2026-07-15T18:44:07.016Z] [STDOUT]    - When Reactivate the first todo # bindings/todo-happy-path.mjs:69
[2026-07-15T18:44:07.026Z] [STDOUT]    - Then The completion control is unchecked # bindings/todo-happy-path.mjs:69
[2026-07-15T18:44:07.036Z] [STDOUT]    - When Complete the first todo again # bindings/todo-happy-path.mjs:69
[2026-07-15T18:44:07.046Z] [STDOUT]    - And Enter another active todo # bindings/todo-happy-path.mjs:69
[2026-07-15T18:44:07.056Z] [STDOUT]    - And Add the second todo from the keyboard # bindings/todo-happy-path.mjs:69
[2026-07-15T18:44:07.066Z] [STDOUT]    - And Show active todos # bindings/todo-happy-path.mjs:69
[2026-07-15T18:44:07.076Z] [STDOUT]    - Then The active view contains the active todo # bindings/todo-happy-path.mjs:69
[2026-07-15T18:44:07.086Z] [STDOUT]    - When Show completed todos # bindings/todo-happy-path.mjs:69
[2026-07-15T18:44:07.096Z] [STDOUT]    - Then The completed view contains the completed todo # bindings/todo-happy-path.mjs:69
[2026-07-15T18:44:07.106Z] [STDOUT]    - And The active todo is absent from the completed view # bindings/todo-happy-path.mjs:69
[2026-07-15T18:44:07.116Z] [STDOUT]    - When Return to all todos # bindings/todo-happy-path.mjs:69
[2026-07-15T18:44:07.126Z] [STDOUT]    - And Choose the Active filter for persistence # bindings/todo-happy-path.mjs:69
[2026-07-15T18:44:07.136Z] [STDOUT]    - And Reload the page # bindings/todo-happy-path.mjs:69
[2026-07-15T18:44:07.146Z] [STDOUT]    - Then The active todo survives reload # bindings/todo-happy-path.mjs:69
[2026-07-15T18:44:07.156Z] [STDOUT]    - And The selected Active filter survives reload # bindings/todo-happy-path.mjs:69
[2026-07-15T18:44:07.166Z] [STDOUT]    - When Show all todos after reload # bindings/todo-happy-path.mjs:69
[2026-07-15T18:44:07.176Z] [STDOUT]    - And Clear every completed todo # bindings/todo-happy-path.mjs:69
[2026-07-15T18:44:07.186Z] [STDOUT]    - Then The active todo remains after clearing completed # bindings/todo-happy-path.mjs:69
[2026-07-15T18:44:07.196Z] [STDOUT]    - And The completed filter is empty # bindings/todo-happy-path.mjs:69
[2026-07-15T18:44:07.206Z] [STDOUT]    - Then The completed empty state is useful # bindings/todo-happy-path.mjs:69
[2026-07-15T18:44:07.216Z] [STDOUT]    - When Show active todos again # bindings/todo-happy-path.mjs:69
[2026-07-15T18:44:07.226Z] [STDOUT]    - And Delete the remaining todo # bindings/todo-happy-path.mjs:69
[2026-07-15T18:44:07.236Z] [STDOUT]    - Then The active empty state is useful # bindings/todo-happy-path.mjs:69
[2026-07-15T18:44:07.246Z] [STDOUT]    - When Show all todos with no stored items # bindings/todo-happy-path.mjs:69
[2026-07-15T18:44:07.256Z] [STDOUT]    - Then The global empty state returns # bindings/todo-happy-path.mjs:69
[2026-07-15T18:44:07.266Z] [STDOUT]    - When Use a mobile viewport # bindings/todo-happy-path.mjs:69
[2026-07-15T18:44:07.276Z] [STDOUT]    - Then The mobile page has no horizontal overflow # bindings/todo-happy-path.mjs:69
[2026-07-15T18:44:07.286Z] [STDOUT]    - When Use a desktop viewport # bindings/todo-happy-path.mjs:69
[2026-07-15T18:44:07.296Z] [STDOUT]    - Then The desktop page has no horizontal overflow # bindings/todo-happy-path.mjs:69
[2026-07-15T18:44:07.306Z] [STDOUT]    ✔ After # ../../../../../../packages/cucumber-runtime/dist/hooks.js:62
[2026-07-15T18:44:07.316Z] [STDOUT] 1 scenario (1 failed)
[2026-07-15T18:44:07.326Z] [STDOUT] 48 steps (1 failed, 47 skipped)
[2026-07-15T18:44:07.336Z] [STDOUT] 0m00.681s (executing steps: 0m00.257s)
[2026-07-15T18:44:07.346Z] [STDERR] This Node.js version (v26.5.0) has not been tested with this version of Cucumber; it should work normally, but please raise an issue if you see anything unexpected.
[2026-07-15T18:44:07.841Z] [STATUS] Process exited with code 1